// Jest Snapshot v1, https://goo.gl/fbAQLP

exports[`<Todo /> matches snapshot 1`] = `undefined`;

exports[`<Todo /> matches snapshot 2`] = `undefined`;
